  Determining projects to restore...
  All projects are up-to-date for restore.
C:\Projects\2026\ata\backend\ArbitrageApi\Services\ArbitrageDetectionService.cs(22,22): error CS0246: The type or namespace name 'ConcurrentQueue<>' could not be found (are you missing a using directive or an assembly reference?) [C:\Projects\2026\ata\backend\ArbitrageApi\ArbitrageApi.csproj]

Build FAILED.

C:\Projects\2026\ata\backend\ArbitrageApi\Services\ArbitrageDetectionService.cs(22,22): error CS0246: The type or namespace name 'ConcurrentQueue<>' could not be found (are you missing a using directive or an assembly reference?) [C:\Projects\2026\ata\backend\ArbitrageApi\ArbitrageApi.csproj]
    0 Warning(s)
    1 Error(s)

Time Elapsed 00:00:03.34
