  Determining projects to restore...
  All projects are up-to-date for restore.
C:\Projects\2026\ata\backend\ArbitrageApi\Program.cs(117,31): error CS0246: The type or namespace name 'IStatsAggregator' could not be found (are you missing a using directive or an assembly reference?) [C:\Projects\2026\ata\backend\ArbitrageApi\ArbitrageApi.csproj]
C:\Projects\2026\ata\backend\ArbitrageApi\Program.cs(117,49): error CS0246: The type or namespace name 'StatsAggregator' could not be found (are you missing a using directive or an assembly reference?) [C:\Projects\2026\ata\backend\ArbitrageApi\ArbitrageApi.csproj]
C:\Projects\2026\ata\backend\ArbitrageApi\Services\ArbitrageDetectionService.cs(211,17): warning CS0219: The variable 'minOpportunityValue' is assigned but its value is never used [C:\Projects\2026\ata\backend\ArbitrageApi\ArbitrageApi.csproj]
C:\Projects\2026\ata\backend\ArbitrageApi\Services\Exchanges\Coinbase\CoinbaseBaseState.cs(149,56): warning CS8620: Argument of type 'IEnumerable<string?>' cannot be used for parameter 'collection' of type 'IEnumerable<string>' in 'HashSet<string>.HashSet(IEnumerable<string> collection)' due to differences in the nullability of reference types. [C:\Projects\2026\ata\backend\ArbitrageApi\ArbitrageApi.csproj]

Build FAILED.

C:\Projects\2026\ata\backend\ArbitrageApi\Services\ArbitrageDetectionService.cs(211,17): warning CS0219: The variable 'minOpportunityValue' is assigned but its value is never used [C:\Projects\2026\ata\backend\ArbitrageApi\ArbitrageApi.csproj]
C:\Projects\2026\ata\backend\ArbitrageApi\Services\Exchanges\Coinbase\CoinbaseBaseState.cs(149,56): warning CS8620: Argument of type 'IEnumerable<string?>' cannot be used for parameter 'collection' of type 'IEnumerable<string>' in 'HashSet<string>.HashSet(IEnumerable<string> collection)' due to differences in the nullability of reference types. [C:\Projects\2026\ata\backend\ArbitrageApi\ArbitrageApi.csproj]
C:\Projects\2026\ata\backend\ArbitrageApi\Program.cs(117,31): error CS0246: The type or namespace name 'IStatsAggregator' could not be found (are you missing a using directive or an assembly reference?) [C:\Projects\2026\ata\backend\ArbitrageApi\ArbitrageApi.csproj]
C:\Projects\2026\ata\backend\ArbitrageApi\Program.cs(117,49): error CS0246: The type or namespace name 'StatsAggregator' could not be found (are you missing a using directive or an assembly reference?) [C:\Projects\2026\ata\backend\ArbitrageApi\ArbitrageApi.csproj]
    2 Warning(s)
    2 Error(s)

Time Elapsed 00:00:01.92
